../Core/Src/main.c:137:5:main	24	static
../Core/Src/main.c:242:6:SystemClock_Config	72	static
../Core/Src/main.c:279:13:MX_TIM2_Init	32	static
../Core/Src/main.c:324:13:MX_TIM3_Init	32	static
../Core/Src/main.c:369:13:MX_USART1_UART_Init	8	static
../Core/Src/main.c:402:13:MX_USART3_UART_Init	8	static
../Core/Src/main.c:435:13:MX_GPIO_Init	40	static
../Core/Src/main.c:477:6:HAL_UART_RxCpltCallback	16	static
../Core/Src/main.c:495:6:HAL_TIM_PeriodElapsedCallback	16	static
../Core/Src/main.c:513:6:HR_value_init	4	static
../Core/Src/main.c:533:6:HR_value_update	4	static
../Core/Src/main.c:546:6:modbus_pasing	368	dynamic,ignoring_inline_asm
../Core/Src/main.c:679:6:Error_Handler	4	static,ignoring_inline_asm
